// Jest Snapshot v1, https://goo.gl/fbAQLP

exports[`should render EditExpensePage correnctly 1`] = `undefined`;
